// Jest Snapshot v1, https://goo.gl/fbAQLP

exports[`Button Tests should match snapshot 1`] = `
Object {
  "instance": null,
  "nodeType": "component",
  "props": Object {
    "children": "Add Counter",
  },
  "rendered": Object {
    "instance": null,
    "nodeType": "host",
    "props": Object {
      "children": "Add Counter",
      "className": "btn red ghost",
      "data-testid": "cButton",
      "onClick": undefined,
    },
    "rendered": Array [
      "Add Counter",
    ],
    "type": "button",
  },
  "type": [Function],
}
`;
